[11:30:46] [Render thread/INFO] [JMLogger] JourneyMap log initialized.
[11:30:46] [Render thread/INFO] [JourneymapClient] initialize ENTER
[11:30:46] [Render thread/INFO] [ClientAPI] [ClientAPI] built with JourneyMap API 1.8-SNAPSHOT
[11:30:46] [Render thread/INFO] [PluginHelper] Initializing plugins with Client API: journeymap.client.api.impl.ClientAPI
[11:30:46] [Render thread/INFO] [PluginHelper] Initialized IClientPlugin: net.blay09.mods.waystones.compat.JourneyMapAddon
[11:30:46] [Render thread/INFO] [PluginHelper] Initialized IClientPlugin: frankv.jmi.JMIJourneyMapPlugin
[11:30:46] [Render thread/INFO] [PropertiesBase] core (FirstLoaded) Setting config file to version "5.8.6": journeymap.core.config
[11:30:46] [Render thread/INFO] [PropertiesBase] core (Valid) Creating config file: D:\CurseForge\Instances\Endless-Rise-Remastered\journeymap\config\5.8\journeymap.core.config
[11:30:46] [Render thread/INFO] [PropertiesBase] fullmap (FirstLoaded) Setting config file to version "5.8.6": journeymap.fullmap.config
[11:30:46] [Render thread/INFO] [PropertiesBase] fullmap (Valid) Creating config file: D:\CurseForge\Instances\Endless-Rise-Remastered\journeymap\config\5.8\journeymap.fullmap.config
[11:30:46] [Render thread/INFO] [PropertiesBase] minimap (Initialized) Setting config file to version "5.8.6": journeymap.minimap.config
[11:30:46] [Render thread/INFO] [PropertiesBase] minimap (Valid) Creating config file: D:\CurseForge\Instances\Endless-Rise-Remastered\journeymap\config\5.8\journeymap.minimap.config
[11:30:46] [Render thread/INFO] [PropertiesBase] minimap2 (FirstLoaded) Setting config file to version "5.8.6": journeymap.minimap2.config
[11:30:46] [Render thread/INFO] [PropertiesBase] minimap2 (Valid) Creating config file: D:\CurseForge\Instances\Endless-Rise-Remastered\journeymap\config\5.8\journeymap.minimap2.config
[11:30:46] [Render thread/INFO] [PropertiesBase] topo (FirstLoaded) Setting config file to version "5.8.6": journeymap.topo.config
[11:30:46] [Render thread/INFO] [PropertiesBase] topo (Valid) Creating config file: D:\CurseForge\Instances\Endless-Rise-Remastered\journeymap\config\5.8\journeymap.topo.config
[11:30:46] [Render thread/INFO] [PropertiesBase] webmap (FirstLoaded) Setting config file to version "5.8.6": journeymap.webmap.config
[11:30:46] [Render thread/INFO] [PropertiesBase] webmap (Valid) Creating config file: D:\CurseForge\Instances\Endless-Rise-Remastered\journeymap\config\5.8\journeymap.webmap.config
[11:30:46] [Render thread/INFO] [PropertiesBase] waypoint (FirstLoaded) Setting config file to version "5.8.6": journeymap.waypoint.config
[11:30:46] [Render thread/INFO] [PropertiesBase] waypoint (Valid) Creating config file: D:\CurseForge\Instances\Endless-Rise-Remastered\journeymap\config\5.8\journeymap.waypoint.config
[11:30:46] [Render thread/INFO] [?] Version: JourneyMap 1.16.5-5.8.6, built with Forge 1.16.5-36.2.22
Forge: 36.2.34
Environment: os.name, os.arch, java.version, user.country, user.language=null, game language=, locale=en_us
Features: 
	RadarPlayers : singleplayer = true , multiplayer = true
	RadarAnimals : singleplayer = true , multiplayer = true
	RadarMobs : singleplayer = true , multiplayer = true
	RadarVillagers : singleplayer = true , multiplayer = true
	MapTopo : singleplayer = true , multiplayer = true
	MapSurface : singleplayer = true , multiplayer = true
	MapCaves : singleplayer = true , multiplayer = true
	MapBiome : singleplayer = true , multiplayer = true
MiniMapProperties{state=SavedOk, file=journeymap.minimap.config, configVersion=5.8.6, zoomLevel=0, compassFontScale=1.0, terrainAlpha=100, showEntityNames=true, positionX=0.9, positionY=0.25, effectVertical=false, showPlayerHeading=true, sizePercent=30, playerDisplayScale=1.0, showDayNight=true, showPets=true, preferredMapType=day, showCompass=true, mobDisplay=jm.common.entity_display.dots, systemTimeRealFormat=HH:mm:ss, shape=jm.minimap.shape_circle, showSelf=true, selfDisplayScale=1.0, showGrid=true, reticleOrientation=jm.minimap.orientation.compass, gameTimeRealFormat=HH:mm:ss, effectTranslateX=0, showWaypoints=true, minimapKeyMovementSpeed=0.001, showAnimals=true, infoSlotAlpha=0.7, effectTranslateY=0, showWaypointLabels=true, moveEffectIcons=true, position=jm.minimap.position_topright, fontScale=1.0, showPlayers=true, waypointIconScale=1.0, frameAlpha=100, effectReversed=false, backgroundAlpha=0.8, enabled=true, showVillagers=true, info2Label=jm.theme.labelsource.gametime, info3Label=jm.theme.labelsource.location, showMobs=true, waypointLabelScale=1.0, showReticle=true, orientation=jm.minimap.orientation.north, info4Label=jm.theme.labelsource.biome, locationFormat=xzyv, playerDisplay=jm.common.entity_display.dots, mobDisplayScale=1.0, showCaves=true, showMobHeading=true, locationFormatVerbose=true, info1Label=jm.theme.labelsource.blank}
MiniMapProperties{state=SavedOk, file=journeymap.minimap2.config, configVersion=5.8.6, zoomLevel=0, compassFontScale=1.0, terrainAlpha=100, showEntityNames=true, positionX=0.9, positionY=0.25, effectVertical=false, showPlayerHeading=true, sizePercent=30, playerDisplayScale=1.0, showDayNight=true, showPets=true, preferredMapType=day, showCompass=true, mobDisplay=jm.common.entity_display.dots, systemTimeRealFormat=HH:mm:ss, shape=jm.minimap.shape_rectangle, showSelf=true, selfDisplayScale=1.0, showGrid=true, reticleOrientation=jm.minimap.orientation.compass, gameTimeRealFormat=HH:mm:ss, effectTranslateX=0, showWaypoints=true, minimapKeyMovementSpeed=0.001, showAnimals=true, infoSlotAlpha=0.7, effectTranslateY=0, showWaypointLabels=true, moveEffectIcons=true, position=jm.minimap.position_topright, fontScale=1.0, showPlayers=true, waypointIconScale=1.0, frameAlpha=100, effectReversed=false, backgroundAlpha=0.8, enabled=true, showVillagers=true, info2Label=jm.theme.labelsource.gametime, info3Label=jm.theme.labelsource.location, showMobs=true, waypointLabelScale=1.0, showReticle=true, orientation=jm.minimap.orientation.north, info4Label=jm.theme.labelsource.biome, locationFormat=xzyv, playerDisplay=jm.common.entity_display.dots, mobDisplayScale=1.0, showCaves=true, showMobHeading=true, locationFormatVerbose=true, info1Label=jm.theme.labelsource.blank}
FullMapProperties{state=SavedOk, file=journeymap.fullmap.config, configVersion=5.8.6, zoomLevel=0, showPlayers=true, waypointIconScale=1.0, showEntityNames=true, showPlayerHeading=true, showVillagers=true, showPlayerLoc=true, showKeys=true, playerDisplayScale=1.0, showMobs=true, showPets=true, waypointLabelScale=1.0, preferredMapType=day, mobDisplay=jm.common.entity_display.dots, showSelf=true, locationFormat=xzyv, playerDisplay=jm.common.entity_display.dots, mobDisplayScale=1.0, selfDisplayScale=1.0, showGrid=true, showMouseLoc=true, showWaypoints=true, showCaves=true, showAnimals=true, dragScale=1, showMobHeading=true, showWaypointLabels=true, locationFormatVerbose=true, fontScale=1.0}
WaypointProperties{state=SavedOk, file=journeymap.waypoint.config, configVersion=5.8.6, autoRemoveDeathpointDistance=2, dateFormat=MM-dd-yyyy, autoRemoveDeathpoints=false, fullscreenDoubleClickToCreate=true, managerDimensionFocus=false, minDistance=4, boldLabel=false, textureSmall=true, showDeathpointlabel=true, beaconEnabled=true, createDeathpoints=true, showName=true, disableStrikeThrough=false, maxDistance=0, autoHideLabel=true, autoRemoveTempWaypoints=2, teleportCommand=/tp {name} {x} {y} {z}, showStaticBeam=true, timeFormat=HH:mm:ss, showDeviationLabel=false, showDistance=true, showRotatingBeam=true, fontScale=2.0, showTexture=true, managerEnabled=true}
WebMapProperties{state=SavedOk, file=journeymap.webmap.config, configVersion=5.8.6, port=8080, enabled=false}
CoreProperties{state=SavedOk, file=journeymap.core.config, configVersion=5.8.6, verboseColorPalette=false, maxPlayersData=32, mapSurfaceAboveCaves=true, dataCachingEnabled=true, optionsManagerViewed=null, announceMod=true, colorPassive=#bbbbbb, renderOverlayEventTypeName=ALL, mapBlendWater=false, renderDistanceSurfaceMax=0, seedId=false, radarVerticalDistance=16, mapBlendGrass=true, recordCacheStats=false, hideSneakingEntities=true, revealShape=jm.minimap.shape_circle, mapBiome=true, alwaysMapSurface=false, colorVillager=#88e188, mapPlants=false, colorPet=#0077ff, radarLateralDistance=64, mapBathymetry=false, mapCrops=true, maxMobsData=32, mapPlantShadows=false, alwaysMapCaves=false, checkUpdates=true, mapBlendFoliage=true, hideSpectators=false, mappingEnabled=true, colorPlayer=#ffffff, tileHighDisplayQuality=true, cacheVillagersData=2200, logLevel=INFO, maxVillagersData=32, mapWaterBiomeColors=false, maxAnimalsData=32, mapTransparency=true, tileRenderType=1, caveIgnoreGlass=true, mapTopography=true, renderDistanceCaveMax=0, mapAntialiasing=true, colorSelf=#0000ff, cachePlayersData=2000, cacheMobsData=3000, cachePlayerData=1000, splashViewed=null, colorHostile=#ff0000, cacheAnimalsData=3100, themeName=OceanMonument, mapCaveLighting=true, renderDelay=2, renderOverlayPreEvent=true, glErrorChecking=false, autoMapPoll=2000}
[11:30:46] [Render thread/INFO] [JourneymapClient] initialize EXIT, elapsed count 1 avg 649.39ms
[11:30:55] [Render thread/INFO] [JourneymapClient] Journeymap PostInit
[11:30:55] [Render thread/INFO] [ThemeLoader] Preloaded theme textures: 73
[11:30:55] [Render thread/INFO] [JourneymapClient] postInitialize EXIT, elapsed count 1 avg 205.2ms
[11:32:39] [Server thread/INFO] [ForgeConfig] Loading JourneyMap Forge Configs
[11:32:52] [Server thread/INFO] [PropertiesBase] global (FirstLoaded) Setting config file to version "5.8.6": journeymap.server.global.config
[11:32:52] [Server thread/INFO] [PropertiesBase] global (Valid) Creating config file: D:\CurseForge\Instances\Endless-Rise-Remastered\journeymap\server\5.8\journeymap.server.global.config
[11:32:52] [Server thread/INFO] [PropertiesBase] default (FirstLoaded) Setting config file to version "5.8.6": journeymap.server.default.config
[11:32:52] [Server thread/INFO] [PropertiesBase] default (Valid) Creating config file: D:\CurseForge\Instances\Endless-Rise-Remastered\journeymap\server\5.8\journeymap.server.default.config
[11:32:52] [Server thread/INFO] [PropertiesBase] minecraft~overworld (Initialized) Setting config file to version "5.8.6": journeymap.server.minecraft~overworld.config
[11:32:52] [Server thread/INFO] [PropertiesBase] minecraft~overworld (Valid) Creating config file: D:\CurseForge\Instances\Endless-Rise-Remastered\journeymap\server\5.8\journeymap.server.minecraft~overworld.config
[11:32:52] [Server thread/INFO] [PropertiesBase] minecraft~the_nether (Initialized) Setting config file to version "5.8.6": journeymap.server.minecraft~the_nether.config
[11:32:52] [Server thread/INFO] [PropertiesBase] minecraft~the_nether (Valid) Creating config file: D:\CurseForge\Instances\Endless-Rise-Remastered\journeymap\server\5.8\journeymap.server.minecraft~the_nether.config
[11:32:52] [Server thread/INFO] [PropertiesBase] minecraft~the_end (Initialized) Setting config file to version "5.8.6": journeymap.server.minecraft~the_end.config
[11:32:52] [Server thread/INFO] [PropertiesBase] minecraft~the_end (Valid) Creating config file: D:\CurseForge\Instances\Endless-Rise-Remastered\journeymap\server\5.8\journeymap.server.minecraft~the_end.config
[11:32:52] [Server thread/INFO] [PropertiesBase] appliedenergistics2~spatial_storage (Initialized) Setting config file to version "5.8.6": journeymap.server.appliedenergistics2~spatial_storage.config
[11:32:52] [Server thread/INFO] [PropertiesBase] appliedenergistics2~spatial_storage (Valid) Creating config file: D:\CurseForge\Instances\Endless-Rise-Remastered\journeymap\server\5.8\journeymap.server.appliedenergistics2~spatial_storage.config
[11:32:52] [Server thread/INFO] [PropertiesBase] atum~atum (Initialized) Setting config file to version "5.8.6": journeymap.server.atum~atum.config
[11:32:52] [Server thread/INFO] [PropertiesBase] atum~atum (Valid) Creating config file: D:\CurseForge\Instances\Endless-Rise-Remastered\journeymap\server\5.8\journeymap.server.atum~atum.config
[11:32:52] [Server thread/INFO] [PropertiesBase] compactmachines~compact_world (Initialized) Setting config file to version "5.8.6": journeymap.server.compactmachines~compact_world.config
[11:32:52] [Server thread/INFO] [PropertiesBase] compactmachines~compact_world (Valid) Creating config file: D:\CurseForge\Instances\Endless-Rise-Remastered\journeymap\server\5.8\journeymap.server.compactmachines~compact_world.config
[11:32:52] [Server thread/INFO] [PropertiesBase] boss_tools~mars (Initialized) Setting config file to version "5.8.6": journeymap.server.boss_tools~mars.config
[11:32:52] [Server thread/INFO] [PropertiesBase] boss_tools~mars (Valid) Creating config file: D:\CurseForge\Instances\Endless-Rise-Remastered\journeymap\server\5.8\journeymap.server.boss_tools~mars.config
[11:32:52] [Server thread/INFO] [PropertiesBase] boss_tools~mars_orbit (Initialized) Setting config file to version "5.8.6": journeymap.server.boss_tools~mars_orbit.config
[11:32:52] [Server thread/INFO] [PropertiesBase] boss_tools~mars_orbit (Valid) Creating config file: D:\CurseForge\Instances\Endless-Rise-Remastered\journeymap\server\5.8\journeymap.server.boss_tools~mars_orbit.config
[11:32:52] [Server thread/INFO] [PropertiesBase] boss_tools~mercury (Initialized) Setting config file to version "5.8.6": journeymap.server.boss_tools~mercury.config
[11:32:52] [Server thread/INFO] [PropertiesBase] boss_tools~mercury (Valid) Creating config file: D:\CurseForge\Instances\Endless-Rise-Remastered\journeymap\server\5.8\journeymap.server.boss_tools~mercury.config
[11:32:52] [Server thread/INFO] [PropertiesBase] boss_tools~mercury_orbit (Initialized) Setting config file to version "5.8.6": journeymap.server.boss_tools~mercury_orbit.config
[11:32:52] [Server thread/INFO] [PropertiesBase] boss_tools~mercury_orbit (Valid) Creating config file: D:\CurseForge\Instances\Endless-Rise-Remastered\journeymap\server\5.8\journeymap.server.boss_tools~mercury_orbit.config
[11:32:52] [Server thread/INFO] [PropertiesBase] boss_tools~moon (Initialized) Setting config file to version "5.8.6": journeymap.server.boss_tools~moon.config
[11:32:52] [Server thread/INFO] [PropertiesBase] boss_tools~moon (Valid) Creating config file: D:\CurseForge\Instances\Endless-Rise-Remastered\journeymap\server\5.8\journeymap.server.boss_tools~moon.config
[11:32:52] [Server thread/INFO] [PropertiesBase] boss_tools~moon_orbit (Initialized) Setting config file to version "5.8.6": journeymap.server.boss_tools~moon_orbit.config
[11:32:52] [Server thread/INFO] [PropertiesBase] boss_tools~moon_orbit (Valid) Creating config file: D:\CurseForge\Instances\Endless-Rise-Remastered\journeymap\server\5.8\journeymap.server.boss_tools~moon_orbit.config
[11:32:52] [Server thread/INFO] [PropertiesBase] boss_tools~overworld_orbit (Initialized) Setting config file to version "5.8.6": journeymap.server.boss_tools~overworld_orbit.config
[11:32:52] [Server thread/INFO] [PropertiesBase] boss_tools~overworld_orbit (Valid) Creating config file: D:\CurseForge\Instances\Endless-Rise-Remastered\journeymap\server\5.8\journeymap.server.boss_tools~overworld_orbit.config
[11:32:52] [Server thread/INFO] [PropertiesBase] the_bumblezone~the_bumblezone (Initialized) Setting config file to version "5.8.6": journeymap.server.the_bumblezone~the_bumblezone.config
[11:32:52] [Server thread/INFO] [PropertiesBase] the_bumblezone~the_bumblezone (Valid) Creating config file: D:\CurseForge\Instances\Endless-Rise-Remastered\journeymap\server\5.8\journeymap.server.the_bumblezone~the_bumblezone.config
[11:32:52] [Server thread/INFO] [PropertiesBase] boss_tools~venus (Initialized) Setting config file to version "5.8.6": journeymap.server.boss_tools~venus.config
[11:32:52] [Server thread/INFO] [PropertiesBase] boss_tools~venus (Valid) Creating config file: D:\CurseForge\Instances\Endless-Rise-Remastered\journeymap\server\5.8\journeymap.server.boss_tools~venus.config
[11:32:52] [Server thread/INFO] [PropertiesBase] boss_tools~venus_orbit (Initialized) Setting config file to version "5.8.6": journeymap.server.boss_tools~venus_orbit.config
[11:32:52] [Server thread/INFO] [PropertiesBase] boss_tools~venus_orbit (Valid) Creating config file: D:\CurseForge\Instances\Endless-Rise-Remastered\journeymap\server\5.8\journeymap.server.boss_tools~venus_orbit.config
[11:33:28] [Render thread/WARN] [PropertiesBase] core (Initialized) Bad configField entry during updateFrom(): optionsManagerViewed=null
[11:33:28] [Render thread/WARN] [PropertiesBase] core (Initialized) Bad configField entry during updateFrom(): splashViewed=null
[11:33:28] [Render thread/INFO] [WaypointStore] Loaded 0 waypoints from D:\CurseForge\Instances\Endless-Rise-Remastered\journeymap\data\sp\Новый мир\waypoints
[11:33:28] [Render thread/INFO] [JourneymapClient] Mapping started in D:\CurseForge\Instances\Endless-Rise-Remastered\journeymap\data\sp\Новый мир\overworld. Memory: 5035MB total, 1502MB free 
[11:34:26] [Render thread/INFO] [ChatLog] 
[11:46:24] [Render thread/INFO] [JourneymapClient] Mapping halted in D:\CurseForge\Instances\Endless-Rise-Remastered\journeymap\data\mp\offline\minecraft:overworld
